I'm sorry, but errors were detected in your script. Please correct the
errors listed below, and try again.


File "game/10_relationship.rpy", line 151: 'action' is not a keyword argument or valid child of the for statement.
    action SetScreenVariable("_selected_char", ch.id)
          ^

Ren'Py Version: Ren'Py 8.3.4.24120703
Wed Dec 24 23:39:27 2025
